// Jest Snapshot v1, https://goo.gl/fbAQLP

exports[`People renders correctly 1`] = `
<div>
  <main
    class="sc-dmlrTW kRPEfO"
  >
    <div
      class="sc-kfzAmx Crazx"
    >
      <div
        class="sc-fKFyDc fkrfJR"
      >
        <span
          class="sc-fFubgz dcpucn"
        >
          People
        </span>
      </div>
      <button
        class="sc-bdfBwQ dxIjpe"
        type="button"
      >
        <svg
          class="sc-bBXqnf dYxpNr"
          title="Add a new member"
        >
          user.svg
        </svg>
        Add member
      </button>
    </div>
    <div
      class="sc-fubCfw foltsl"
    >
      <div
        class="sc-jrAGrp iRSOhu"
      >
        <div
          class="sc-lmoMRL krFKNZ"
        >
          <label
            class="sc-dlfnbm cQtXG"
            for="search"
          >
            <svg
              class="sc-hKgILt eTouyH"
              title="Search employees"
            >
              search.svg
            </svg>
            <input
              class="sc-gsTCUz cdNqGK"
              id="search"
              placeholder="Search employees..."
              value=""
            />
          </label>
          <div
            class="sc-iJuUWI OOrbr"
          >
            <label
              class="sc-gKsewC RSzGc"
              for="employee"
            >
              <input
                class="sc-jSgupP lcELIj"
                id="employee"
                type="checkbox"
              />
              <span
                class="sc-eCssSg gKrttk"
              />
              <span
                class="sc-iBPRYJ iyZyAb"
              >
                Employee
              </span>
            </label>
            <label
              class="sc-gKsewC RSzGc"
              for="contractor"
            >
              <input
                class="sc-jSgupP lcELIj"
                id="contractor"
                type="checkbox"
              />
              <span
                class="sc-eCssSg gKrttk"
              />
              <span
                class="sc-iBPRYJ iyZyAb"
              >
                Contractor
              </span>
            </label>
          </div>
        </div>
        <div
          class="sc-iqHYGH fxwATU"
        >
          <table
            class="sc-crrsfI fxfLfE"
          >
            <thead
              class="sc-dQppl"
            >
              <tr
                class="sc-kstrdz ixCVwl"
              >
                <th
                  class="sc-hBEYos inVeRO"
                >
                  Name
                </th>
                <th
                  class="sc-hBEYos inVeRO"
                >
                  Role
                </th>
                <th
                  class="sc-hBEYos inVeRO"
                >
                  Type
                </th>
                <th
                  class="sc-hBEYos inVeRO"
                >
                  Country
                </th>
                <th
                  class="sc-hBEYos fHqFnR"
                >
                  Salary
                </th>
                <th
                  class="sc-hBEYos fHqFnR"
                />
              </tr>
            </thead>
            <tbody
              class="sc-bqyKva"
            >
              <tr>
                <td
                  colspan="6"
                >
                  <div
                    class="sc-hHftDr bTJjW sc-iwyYcG iyoACc"
                  >
                    <svg
                      version="1.1"
                      viewBox="0 0 119.9 148.4"
                      x="0px"
                      xml:space="preserve"
                      xmlns="http://www.w3.org/2000/svg"
                      y="0px"
                    >
                      <defs />
                      <g>
                        <g>
                          <path
                            class="sc-idOhPF"
                            d="M49.1,117.1C41.5,112.7,35.4,106.6,31,99c-4.4-7.6-6.7-15.9-6.7-24.8c0-9.1,2.2-17.4,6.7-25.1
 c4.4-7.6,10.5-13.7,18.1-18.1c7.6-4.4,15.9-6.6,24.9-6.7V0C60.7,0,48.3,3.3,37,9.9C25.5,16.5,16.5,25.5,9.9,37
 C3.3,48.4,0,60.8,0,74.2c0,13.4,3.3,25.8,9.9,37.1c6.6,11.3,15.6,20.3,27.1,27c11.4,6.7,23.7,10,37.1,10.1v-24.6
 C65.1,123.7,56.8,121.5,49.1,117.1z"
                          />
                        </g>
                        <g>
                          <path
                            class="sc-dIUggk"
                            d="M74.1,28.5V120c25.3,0,45.8-20.5,45.8-45.8S99.4,28.5,74.1,28.5z"
                          />
                        </g>
                      </g>
                    </svg>
                  </div>
                </td>
              </tr>
            </tbody>
          </table>
        </div>
      </div>
    </div>
    <a
      href="/playground"
    >
      Playground
    </a>
  </main>
</div>
`;
